îº§ gdb a.out
GNU gdb (Ubuntu 8.1.1-0ubuntu1) 8.1.1
Copyright (C) 2018 Free Software Foundation, Inc.
License GPLv3+: GNU GPL version 3 or later <http://gnu.org/licenses/gpl.html>
This is free software: you are free to change and redistribute it.
There is NO WARRANTY, to the extent permitted by law.  Type "show copying"
and "show warranty" for details.
This GDB was configured as "x86_64-linux-gnu".
Type "show configuration" for configuration details.
For bug reporting instructions, please see:
<http://www.gnu.org/software/gdb/bugs/>.
Find the GDB manual and other documentation resources online at:
<http://www.gnu.org/software/gdb/documentation/>.
For help, type "help".
Type "apropos word" to search for commands related to "word"...
Reading symbols from a.out...done.
(gdb) b main
Breakpoint 1 at 0x848: file p2final.c, line 26.
(gdb) r
Starting program: /home/runner/pps-IA1-practice/a.out 
warning: Error disabling address space randomization: Operation not permitted

Breakpoint 1, main () at p2final.c:26
26    x=input();
(gdb) n
Enter the number
4
27    y=input();
(gdb) n
Enter the number
5
28    z=input();
(gdb) n
Enter the number
6
29    cmp(x,y,z);
(gdb) s
cmp (a=4, b=5, c=6) at p2final.c:11
11    if(a>b && a>c)
(gdb) n
13    else if(b>c)
(gdb) n
16     return c;  
(gdb) n
17  }
(gdb) n
main () at p2final.c:30
30    lar = cmp(x,y,z);
(gdb) s
cmp (a=4, b=5, c=6) at p2final.c:11
11    if(a>b && a>c)
(gdb) n
13    else if(b>c)
(gdb) n
16     return c;  
(gdb) n
17  }
(gdb) n
main () at p2final.c:31
31    output(x,y,z,lar);
(gdb) s
output (a=4, b=5, c=6, largest=6) at p2final.c:20
20    largest = cmp(a,b,c);
(gdb) n
21    printf("The greatest number among %d,%d and %d is %d",a,b,c,largest);
(gdb) n
22  }
(gdb) n
main () at p2final.c:32
32    return 0;
(gdb) p largest
No symbol "largest" in current context.
(gdb) p lar
$1 = 6
(gdb) c
Continuing.
The greatest number among 4,5 and 6 is 6[Inferior 1 (process 91) exited normally]
(gdb) q